mode: count
ddsheetfinal/main.go:10.13,11.22 1 0
ddsheetfinal/main.go:11.22,14.3 2 0
ddsheetfinal/main.go:17.2,28.17 4 0
ddsheetfinal/main.go:29.16,30.39 1 0
ddsheetfinal/main.go:31.14,32.37 1 0
ddsheetfinal/main.go:33.14,34.37 1 0
ddsheetfinal/main.go:35.16,36.39 1 0
ddsheetfinal/main.go:37.15,38.38 1 0
ddsheetfinal/main.go:39.17,40.40 1 0
ddsheetfinal/main.go:41.32,42.45 1 0
ddsheetfinal/main.go:43.21,44.43 1 0
ddsheetfinal/main.go:45.26,46.48 1 0
ddsheetfinal/main.go:47.14,48.37 1 0
ddsheetfinal/main.go:49.15,50.38 1 0
ddsheetfinal/main.go:51.16,52.39 1 0
ddsheetfinal/main.go:53.10,55.13 2 0
ddsheetfinal/internal/application/dtos/mapper.go:9.61,10.17 1 0
ddsheetfinal/internal/application/dtos/mapper.go:10.17,12.3 1 0
ddsheetfinal/internal/application/dtos/mapper.go:14.2,35.3 1 0
ddsheetfinal/internal/application/dtos/mapper.go:39.63,40.16 1 0
ddsheetfinal/internal/application/dtos/mapper.go:40.16,42.3 1 0
ddsheetfinal/internal/application/dtos/mapper.go:44.2,65.3 1 0
ddsheetfinal/internal/application/dtos/mapper.go:69.59,73.2 1 0
ddsheetfinal/internal/application/dtos/mapper.go:76.45,77.16 1 0
ddsheetfinal/internal/application/dtos/mapper.go:77.16,79.3 1 0
ddsheetfinal/internal/application/dtos/mapper.go:80.2,82.12 3 0
ddsheetfinal/internal/domain/entities/character.go:34.57,35.17 1 7
ddsheetfinal/internal/domain/entities/character.go:36.13,37.15 1 1
ddsheetfinal/internal/domain/entities/character.go:38.13,39.15 1 1
ddsheetfinal/internal/domain/entities/character.go:40.13,41.15 1 1
ddsheetfinal/internal/domain/entities/character.go:42.13,43.15 1 1
ddsheetfinal/internal/domain/entities/character.go:44.13,45.15 1 1
ddsheetfinal/internal/domain/entities/character.go:46.13,47.15 1 1
ddsheetfinal/internal/domain/entities/character.go:48.10,49.12 1 1
ddsheetfinal/internal/domain/entities/character.go:54.60,55.41 1 6
ddsheetfinal/internal/domain/entities/character.go:55.41,56.17 1 12
ddsheetfinal/internal/domain/entities/character.go:56.17,58.4 1 3
ddsheetfinal/internal/domain/entities/character.go:60.2,60.14 1 3
ddsheetfinal/internal/application/usecases/create_character.go:18.104,22.2 1 5
ddsheetfinal/internal/application/usecases/create_character.go:25.102,27.22 1 7
ddsheetfinal/internal/application/usecases/create_character.go:27.22,29.3 1 1
ddsheetfinal/internal/application/usecases/create_character.go:30.2,30.22 1 6
ddsheetfinal/internal/application/usecases/create_character.go:30.22,32.3 1 1
ddsheetfinal/internal/application/usecases/create_character.go:33.2,33.23 1 5
ddsheetfinal/internal/application/usecases/create_character.go:33.23,35.3 1 1
ddsheetfinal/internal/application/usecases/create_character.go:38.2,39.16 2 4
ddsheetfinal/internal/application/usecases/create_character.go:39.16,41.3 1 0
ddsheetfinal/internal/application/usecases/create_character.go:44.2,66.57 4 4
ddsheetfinal/internal/application/usecases/create_character.go:66.57,68.3 1 0
ddsheetfinal/internal/application/usecases/create_character.go:70.2,70.44 1 4
ddsheetfinal/internal/application/usecases/create_character.go:73.99,81.27 4 4
ddsheetfinal/internal/application/usecases/create_character.go:81.27,82.94 1 0
ddsheetfinal/internal/application/usecases/create_character.go:82.94,84.4 1 0
ddsheetfinal/internal/application/usecases/create_character.go:85.8,87.3 1 4
ddsheetfinal/internal/application/usecases/create_character.go:90.2,92.20 2 4
ddsheetfinal/internal/application/usecases/create_character.go:95.88,98.29 3 4
ddsheetfinal/internal/application/usecases/create_character.go:98.29,100.3 1 0
ddsheetfinal/internal/application/usecases/create_character.go:101.2,101.15 1 4
ddsheetfinal/internal/application/usecases/create_character.go:104.124,107.32 3 0
ddsheetfinal/internal/application/usecases/create_character.go:107.32,109.3 1 0
ddsheetfinal/internal/application/usecases/create_character.go:111.2,111.31 1 0
ddsheetfinal/internal/application/usecases/create_character.go:111.31,113.33 2 0
ddsheetfinal/internal/application/usecases/create_character.go:113.33,115.4 1 0
ddsheetfinal/internal/application/usecases/create_character.go:116.3,116.40 1 0
ddsheetfinal/internal/application/usecases/create_character.go:120.2,121.35 2 0
ddsheetfinal/internal/application/usecases/create_character.go:121.35,123.3 1 0
ddsheetfinal/internal/application/usecases/create_character.go:125.2,125.12 1 0
ddsheetfinal/internal/application/usecases/create_character.go:128.94,132.57 3 4
ddsheetfinal/internal/application/usecases/create_character.go:132.57,134.3 1 8
ddsheetfinal/internal/application/usecases/create_character.go:137.125,142.9 4 4
ddsheetfinal/internal/application/usecases/create_character.go:142.9,144.3 1 0
ddsheetfinal/internal/application/usecases/create_character.go:146.2,146.38 1 4
ddsheetfinal/internal/application/usecases/create_character.go:146.38,147.18 1 14
ddsheetfinal/internal/application/usecases/create_character.go:148.14,149.16 1 2
ddsheetfinal/internal/application/usecases/create_character.go:150.14,151.16 1 3
ddsheetfinal/internal/application/usecases/create_character.go:152.14,153.16 1 3
ddsheetfinal/internal/application/usecases/create_character.go:154.14,155.21 1 2
ddsheetfinal/internal/application/usecases/create_character.go:156.14,157.16 1 2
ddsheetfinal/internal/application/usecases/create_character.go:158.14,159.16 1 2
ddsheetfinal/internal/application/usecases/create_character.go:163.2,163.8 1 4
ddsheetfinal/internal/application/usecases/delete_character.go:11.104,15.2 1 2
ddsheetfinal/internal/application/usecases/delete_character.go:18.62,20.2 1 2
ddsheetfinal/internal/application/usecases/derive_stats.go:20.32,25.2 1 2
ddsheetfinal/internal/application/usecases/derive_stats.go:28.101,31.16 2 2
ddsheetfinal/internal/application/usecases/derive_stats.go:31.16,33.3 1 1
ddsheetfinal/internal/application/usecases/derive_stats.go:36.2,57.65 15 1
ddsheetfinal/internal/application/usecases/derive_stats.go:57.65,59.3 1 1
ddsheetfinal/internal/application/usecases/derive_stats.go:60.2,60.66 1 1
ddsheetfinal/internal/application/usecases/derive_stats.go:60.66,62.3 1 0
ddsheetfinal/internal/application/usecases/derive_stats.go:63.2,63.69 1 1
ddsheetfinal/internal/application/usecases/derive_stats.go:63.69,65.3 1 1
ddsheetfinal/internal/application/usecases/derive_stats.go:66.2,66.69 1 1
ddsheetfinal/internal/application/usecases/derive_stats.go:66.69,68.3 1 0
ddsheetfinal/internal/application/usecases/derive_stats.go:69.2,69.63 1 1
ddsheetfinal/internal/application/usecases/derive_stats.go:69.63,71.3 1 0
ddsheetfinal/internal/application/usecases/derive_stats.go:72.2,72.65 1 1
ddsheetfinal/internal/application/usecases/derive_stats.go:72.65,74.3 1 0
ddsheetfinal/internal/application/usecases/derive_stats.go:76.2,100.8 3 1
ddsheetfinal/internal/application/usecases/enrich_character.go:44.27,49.2 1 0
ddsheetfinal/internal/application/usecases/enrich_character.go:52.124,57.16 4 0
ddsheetfinal/internal/application/usecases/enrich_character.go:57.16,59.3 1 0
ddsheetfinal/internal/application/usecases/enrich_character.go:61.2,72.20 7 0
ddsheetfinal/internal/application/usecases/enrich_character.go:72.20,74.61 2 0
ddsheetfinal/internal/application/usecases/enrich_character.go:74.61,82.4 2 0
ddsheetfinal/internal/application/usecases/enrich_character.go:86.2,93.39 4 0
ddsheetfinal/internal/application/usecases/enrich_character.go:93.39,95.58 2 0
ddsheetfinal/internal/application/usecases/enrich_character.go:95.58,97.12 2 0
ddsheetfinal/internal/application/usecases/enrich_character.go:99.3,99.64 1 0
ddsheetfinal/internal/application/usecases/enrich_character.go:103.2,103.39 1 0
ddsheetfinal/internal/application/usecases/enrich_character.go:103.39,105.58 2 0
ddsheetfinal/internal/application/usecases/enrich_character.go:105.58,107.12 2 0
ddsheetfinal/internal/application/usecases/enrich_character.go:109.3,109.68 1 0
ddsheetfinal/internal/application/usecases/enrich_character.go:113.2,119.33 4 0
ddsheetfinal/internal/application/usecases/enrich_character.go:119.33,120.24 1 0
ddsheetfinal/internal/application/usecases/enrich_character.go:120.24,122.12 2 0
ddsheetfinal/internal/application/usecases/enrich_character.go:125.3,125.52 1 0
ddsheetfinal/internal/application/usecases/enrich_character.go:125.52,129.4 3 0
ddsheetfinal/internal/application/usecases/enrich_character.go:129.9,129.63 1 0
ddsheetfinal/internal/application/usecases/enrich_character.go:129.63,133.4 3 0
ddsheetfinal/internal/application/usecases/enrich_character.go:137.2,137.39 1 0
ddsheetfinal/internal/application/usecases/enrich_character.go:137.39,139.45 2 0
ddsheetfinal/internal/application/usecases/enrich_character.go:139.45,140.55 1 0
ddsheetfinal/internal/application/usecases/enrich_character.go:140.55,142.5 1 0
ddsheetfinal/internal/application/usecases/enrich_character.go:145.2,145.39 1 0
ddsheetfinal/internal/application/usecases/enrich_character.go:145.39,147.45 2 0
ddsheetfinal/internal/application/usecases/enrich_character.go:147.45,148.58 1 0
ddsheetfinal/internal/application/usecases/enrich_character.go:148.58,150.5 1 0
ddsheetfinal/internal/application/usecases/enrich_character.go:155.2,170.16 7 0
ddsheetfinal/internal/application/usecases/enrich_character.go:170.16,172.3 1 0
ddsheetfinal/internal/application/usecases/enrich_character.go:174.2,181.8 2 0
ddsheetfinal/internal/application/usecases/enrich_character.go:185.81,187.2 1 0
ddsheetfinal/internal/application/usecases/enrich_character.go:191.88,195.36 2 0
ddsheetfinal/internal/application/usecases/enrich_character.go:195.36,197.18 2 0
ddsheetfinal/internal/application/usecases/enrich_character.go:197.18,199.4 1 0
ddsheetfinal/internal/application/usecases/enrich_character.go:203.2,203.44 1 0
ddsheetfinal/internal/application/usecases/enrich_character.go:203.44,205.18 2 0
ddsheetfinal/internal/application/usecases/enrich_character.go:205.18,207.4 1 0
ddsheetfinal/internal/application/usecases/enrich_character.go:210.2,210.30 1 0
ddsheetfinal/internal/application/usecases/enrich_character.go:213.92,217.23 2 0
ddsheetfinal/internal/application/usecases/enrich_character.go:217.23,219.3 1 0
ddsheetfinal/internal/application/usecases/enrich_character.go:220.2,220.24 1 0
ddsheetfinal/internal/application/usecases/enrich_character.go:220.24,222.3 1 0
ddsheetfinal/internal/application/usecases/enrich_character.go:223.2,223.22 1 0
ddsheetfinal/internal/application/usecases/enrich_character.go:223.22,225.3 1 0
ddsheetfinal/internal/application/usecases/enrich_character.go:226.2,226.23 1 0
ddsheetfinal/internal/application/usecases/enrich_character.go:226.23,228.3 1 0
ddsheetfinal/internal/application/usecases/enrich_character.go:231.2,231.38 1 0
ddsheetfinal/internal/application/usecases/enrich_character.go:231.38,233.17 2 0
ddsheetfinal/internal/application/usecases/enrich_character.go:233.17,235.4 1 0
ddsheetfinal/internal/application/usecases/enrich_character.go:238.2,238.30 1 0
ddsheetfinal/internal/application/usecases/enrich_character.go:242.57,244.24 2 0
ddsheetfinal/internal/application/usecases/enrich_character.go:244.24,246.3 1 0
ddsheetfinal/internal/application/usecases/enrich_character.go:247.2,248.14 2 0
ddsheetfinal/internal/application/usecases/enrich_character.go:251.69,257.2 5 0
ddsheetfinal/internal/application/usecases/enrich_character.go:259.99,264.2 4 0
ddsheetfinal/internal/application/usecases/enrich_character.go:266.130,269.13 2 0
ddsheetfinal/internal/application/usecases/enrich_character.go:269.13,271.61 2 0
ddsheetfinal/internal/application/usecases/enrich_character.go:271.61,273.4 1 0
ddsheetfinal/internal/application/usecases/enrich_character.go:274.3,274.22 1 0
ddsheetfinal/internal/application/usecases/enrich_character.go:277.2,278.50 2 0
ddsheetfinal/internal/application/usecases/enrich_character.go:278.50,280.3 1 0
ddsheetfinal/internal/application/usecases/enrich_character.go:281.2,282.60 2 0
ddsheetfinal/internal/application/usecases/enrich_character.go:282.60,284.3 1 0
ddsheetfinal/internal/application/usecases/enrich_character.go:285.2,285.21 1 0
ddsheetfinal/internal/application/usecases/enrich_character.go:289.120,290.20 1 0
ddsheetfinal/internal/application/usecases/enrich_character.go:290.20,292.3 1 0
ddsheetfinal/internal/application/usecases/enrich_character.go:295.2,308.27 7 0
ddsheetfinal/internal/application/usecases/enrich_character.go:308.27,310.23 2 0
ddsheetfinal/internal/application/usecases/enrich_character.go:310.23,318.17 4 0
ddsheetfinal/internal/application/usecases/enrich_character.go:318.17,318.32 1 0
ddsheetfinal/internal/application/usecases/enrich_character.go:321.4,327.25 2 0
ddsheetfinal/internal/application/usecases/enrich_character.go:327.25,331.5 3 0
ddsheetfinal/internal/application/usecases/enrich_character.go:331.10,331.36 1 0
ddsheetfinal/internal/application/usecases/enrich_character.go:331.36,335.5 3 0
ddsheetfinal/internal/application/usecases/enrich_character.go:337.4,337.25 1 0
ddsheetfinal/internal/application/usecases/enrich_character.go:342.2,342.12 1 0
ddsheetfinal/internal/application/usecases/enrich_character.go:342.12,345.3 2 0
ddsheetfinal/internal/application/usecases/enrich_character.go:348.2,349.34 2 0
ddsheetfinal/internal/application/usecases/enrich_character.go:349.34,351.3 1 0
ddsheetfinal/internal/application/usecases/enrich_character.go:353.2,353.16 1 0
ddsheetfinal/internal/application/usecases/enrich_character.go:357.54,358.45 1 0
ddsheetfinal/internal/application/usecases/enrich_character.go:358.45,359.53 1 0
ddsheetfinal/internal/application/usecases/enrich_character.go:359.53,361.4 1 0
ddsheetfinal/internal/application/usecases/enrich_character.go:363.2,363.10 1 0
ddsheetfinal/internal/application/usecases/enrich_data.go:16.96,20.2 1 0
ddsheetfinal/internal/application/usecases/enrich_data.go:23.115,25.16 2 0
ddsheetfinal/internal/application/usecases/enrich_data.go:25.16,27.3 1 0
ddsheetfinal/internal/application/usecases/enrich_data.go:29.2,34.8 1 0
ddsheetfinal/internal/application/usecases/enrich_data.go:38.123,40.16 2 0
ddsheetfinal/internal/application/usecases/enrich_data.go:40.16,42.3 1 0
ddsheetfinal/internal/application/usecases/enrich_data.go:44.2,57.8 1 0
ddsheetfinal/internal/application/usecases/enrich_data.go:61.64,63.2 1 0
ddsheetfinal/internal/application/usecases/equip_item.go:34.21,39.2 1 2
ddsheetfinal/internal/application/usecases/equip_item.go:42.65,45.16 2 2
ddsheetfinal/internal/application/usecases/equip_item.go:45.16,47.3 1 1
ddsheetfinal/internal/application/usecases/equip_item.go:49.2,52.24 2 1
ddsheetfinal/internal/application/usecases/equip_item.go:52.24,53.49 1 1
ddsheetfinal/internal/application/usecases/equip_item.go:53.49,55.4 1 0
ddsheetfinal/internal/application/usecases/equip_item.go:57.3,58.17 2 1
ddsheetfinal/internal/application/usecases/equip_item.go:58.17,60.4 1 0
ddsheetfinal/internal/application/usecases/equip_item.go:62.3,62.27 1 1
ddsheetfinal/internal/application/usecases/equip_item.go:62.27,63.30 1 1
ddsheetfinal/internal/application/usecases/equip_item.go:63.30,65.5 1 0
ddsheetfinal/internal/application/usecases/equip_item.go:66.4,66.35 1 1
ddsheetfinal/internal/application/usecases/equip_item.go:67.9,67.33 1 0
ddsheetfinal/internal/application/usecases/equip_item.go:67.33,68.31 1 0
ddsheetfinal/internal/application/usecases/equip_item.go:68.31,70.5 1 0
ddsheetfinal/internal/application/usecases/equip_item.go:71.4,71.36 1 0
ddsheetfinal/internal/application/usecases/equip_item.go:72.9,74.4 1 0
ddsheetfinal/internal/application/usecases/equip_item.go:75.3,75.17 1 1
ddsheetfinal/internal/application/usecases/equip_item.go:79.2,79.23 1 1
ddsheetfinal/internal/application/usecases/equip_item.go:79.23,80.48 1 0
ddsheetfinal/internal/application/usecases/equip_item.go:80.48,82.4 1 0
ddsheetfinal/internal/application/usecases/equip_item.go:83.3,83.28 1 0
ddsheetfinal/internal/application/usecases/equip_item.go:83.28,85.4 1 0
ddsheetfinal/internal/application/usecases/equip_item.go:86.3,87.17 2 0
ddsheetfinal/internal/application/usecases/equip_item.go:91.2,91.24 1 1
ddsheetfinal/internal/application/usecases/equip_item.go:91.24,92.49 1 0
ddsheetfinal/internal/application/usecases/equip_item.go:92.49,94.4 1 0
ddsheetfinal/internal/application/usecases/equip_item.go:95.3,95.29 1 0
ddsheetfinal/internal/application/usecases/equip_item.go:95.29,97.4 1 0
ddsheetfinal/internal/application/usecases/equip_item.go:98.3,99.17 2 0
ddsheetfinal/internal/application/usecases/equip_item.go:102.2,102.14 1 1
ddsheetfinal/internal/application/usecases/equip_item.go:102.14,104.3 1 0
ddsheetfinal/internal/application/usecases/equip_item.go:107.2,107.41 1 1
ddsheetfinal/internal/application/usecases/equip_item.go:110.63,112.11 2 1
ddsheetfinal/internal/application/usecases/equip_item.go:113.52,114.22 1 1
ddsheetfinal/internal/application/usecases/equip_item.go:115.48,116.21 1 0
ddsheetfinal/internal/application/usecases/equip_item.go:117.10,118.11 1 0
ddsheetfinal/internal/application/usecases/get_character.go:14.98,18.2 1 2
ddsheetfinal/internal/application/usecases/get_character.go:21.81,23.16 2 2
ddsheetfinal/internal/application/usecases/get_character.go:23.16,25.3 1 1
ddsheetfinal/internal/application/usecases/get_character.go:27.2,27.44 1 1
ddsheetfinal/internal/application/usecases/get_enriched_character.go:31.32,37.2 1 0
ddsheetfinal/internal/application/usecases/get_enriched_character.go:40.106,43.16 2 0
ddsheetfinal/internal/application/usecases/get_enriched_character.go:43.16,45.3 1 0
ddsheetfinal/internal/application/usecases/get_enriched_character.go:48.2,84.17 15 0
ddsheetfinal/internal/application/usecases/get_enriched_character.go:84.17,86.3 1 0
ddsheetfinal/internal/application/usecases/get_enriched_character.go:87.2,88.17 2 0
ddsheetfinal/internal/application/usecases/get_enriched_character.go:88.17,90.3 1 0
ddsheetfinal/internal/application/usecases/get_enriched_character.go:91.2,92.17 2 0
ddsheetfinal/internal/application/usecases/get_enriched_character.go:92.17,94.3 1 0
ddsheetfinal/internal/application/usecases/get_enriched_character.go:95.2,96.17 2 0
ddsheetfinal/internal/application/usecases/get_enriched_character.go:96.17,98.3 1 0
ddsheetfinal/internal/application/usecases/get_enriched_character.go:99.2,100.17 2 0
ddsheetfinal/internal/application/usecases/get_enriched_character.go:100.17,102.3 1 0
ddsheetfinal/internal/application/usecases/get_enriched_character.go:103.2,104.17 2 0
ddsheetfinal/internal/application/usecases/get_enriched_character.go:104.17,106.3 1 0
ddsheetfinal/internal/application/usecases/get_enriched_character.go:109.2,147.22 4 0
ddsheetfinal/internal/application/usecases/get_enriched_character.go:150.66,154.19 2 0
ddsheetfinal/internal/application/usecases/get_enriched_character.go:155.47,156.12 1 0
ddsheetfinal/internal/application/usecases/get_enriched_character.go:157.58,158.12 1 0
ddsheetfinal/internal/application/usecases/get_enriched_character.go:159.45,160.12 1 0
ddsheetfinal/internal/application/usecases/get_enriched_character.go:161.10,162.12 1 0
ddsheetfinal/internal/application/usecases/get_enriched_character.go:170.37,197.52 4 0
ddsheetfinal/internal/application/usecases/get_enriched_character.go:197.52,202.19 4 0
ddsheetfinal/internal/application/usecases/get_enriched_character.go:202.19,204.4 1 0
ddsheetfinal/internal/application/usecases/get_enriched_character.go:205.3,205.31 1 0
ddsheetfinal/internal/application/usecases/get_enriched_character.go:208.2,208.27 1 0
ddsheetfinal/internal/application/usecases/get_enriched_character.go:215.26,219.28 2 0
ddsheetfinal/internal/application/usecases/get_enriched_character.go:219.28,221.20 2 0
ddsheetfinal/internal/application/usecases/get_enriched_character.go:221.20,223.4 1 0
ddsheetfinal/internal/application/usecases/get_enriched_character.go:227.2,227.29 1 0
ddsheetfinal/internal/application/usecases/get_enriched_character.go:227.29,229.20 2 0
ddsheetfinal/internal/application/usecases/get_enriched_character.go:229.20,231.4 1 0
ddsheetfinal/internal/application/usecases/get_enriched_character.go:234.2,234.16 1 0
ddsheetfinal/internal/application/usecases/get_enriched_character.go:242.25,243.22 1 0
ddsheetfinal/internal/application/usecases/get_enriched_character.go:243.22,245.3 1 0
ddsheetfinal/internal/application/usecases/get_enriched_character.go:248.2,249.16 2 0
ddsheetfinal/internal/application/usecases/get_enriched_character.go:249.16,252.3 1 0
ddsheetfinal/internal/application/usecases/get_enriched_character.go:255.2,256.75 2 0
ddsheetfinal/internal/application/usecases/get_enriched_character.go:256.75,257.74 1 0
ddsheetfinal/internal/application/usecases/get_enriched_character.go:257.74,258.76 1 0
ddsheetfinal/internal/application/usecases/get_enriched_character.go:258.76,259.57 1 0
ddsheetfinal/internal/application/usecases/get_enriched_character.go:259.57,261.6 1 0
ddsheetfinal/internal/application/usecases/get_enriched_character.go:262.5,262.59 1 0
ddsheetfinal/internal/application/usecases/get_enriched_character.go:262.59,264.6 1 0
ddsheetfinal/internal/application/usecases/get_enriched_character.go:270.2,270.22 1 0
ddsheetfinal/internal/application/usecases/get_enriched_character.go:270.22,272.3 1 0
ddsheetfinal/internal/application/usecases/get_enriched_character.go:275.2,277.34 3 0
ddsheetfinal/internal/application/usecases/get_enriched_character.go:277.34,279.3 1 0
ddsheetfinal/internal/application/usecases/get_enriched_character.go:282.2,289.21 4 0
ddsheetfinal/internal/application/usecases/get_enriched_character.go:289.21,291.3 1 0
ddsheetfinal/internal/application/usecases/get_enriched_character.go:293.2,297.3 1 0
ddsheetfinal/internal/application/usecases/get_enriched_character.go:304.25,315.2 3 0
ddsheetfinal/internal/application/usecases/get_enriched_character.go:317.33,318.12 1 0
ddsheetfinal/internal/application/usecases/get_enriched_character.go:318.12,320.3 1 0
ddsheetfinal/internal/application/usecases/get_enriched_character.go:321.2,321.29 1 0
ddsheetfinal/internal/application/usecases/get_learnable_spells.go:17.30,22.2 1 3
ddsheetfinal/internal/application/usecases/get_learnable_spells.go:25.86,28.16 2 3
ddsheetfinal/internal/application/usecases/get_learnable_spells.go:28.16,30.3 1 1
ddsheetfinal/internal/application/usecases/get_learnable_spells.go:33.2,33.73 1 2
ddsheetfinal/internal/application/usecases/learn_spell.go:22.22,27.2 1 2
ddsheetfinal/internal/application/usecases/learn_spell.go:30.77,33.16 2 2
ddsheetfinal/internal/application/usecases/learn_spell.go:33.16,35.3 1 0
ddsheetfinal/internal/application/usecases/learn_spell.go:37.2,40.35 2 2
ddsheetfinal/internal/application/usecases/learn_spell.go:40.35,42.3 1 1
ddsheetfinal/internal/application/usecases/learn_spell.go:45.2,45.36 1 1
ddsheetfinal/internal/application/usecases/learn_spell.go:45.36,47.3 1 0
ddsheetfinal/internal/application/usecases/learn_spell.go:50.2,50.41 1 1
ddsheetfinal/internal/application/usecases/learn_spell.go:50.41,52.3 1 0
ddsheetfinal/internal/application/usecases/learn_spell.go:55.2,56.16 2 1
ddsheetfinal/internal/application/usecases/learn_spell.go:56.16,58.3 1 0
ddsheetfinal/internal/application/usecases/learn_spell.go:59.2,59.9 1 1
ddsheetfinal/internal/application/usecases/learn_spell.go:59.9,61.3 1 0
ddsheetfinal/internal/application/usecases/learn_spell.go:64.2,65.16 2 1
ddsheetfinal/internal/application/usecases/learn_spell.go:65.16,67.3 1 0
ddsheetfinal/internal/application/usecases/learn_spell.go:70.2,71.23 2 1
ddsheetfinal/internal/application/usecases/learn_spell.go:71.23,73.3 1 0
ddsheetfinal/internal/application/usecases/learn_spell.go:76.2,76.52 1 1
ddsheetfinal/internal/application/usecases/learn_spell.go:76.52,77.34 1 1
ddsheetfinal/internal/application/usecases/learn_spell.go:77.34,79.4 1 0
ddsheetfinal/internal/application/usecases/learn_spell.go:80.8,80.42 1 0
ddsheetfinal/internal/application/usecases/learn_spell.go:80.42,82.3 1 0
ddsheetfinal/internal/application/usecases/learn_spell.go:85.2,85.37 1 1
ddsheetfinal/internal/application/usecases/learn_spell.go:85.37,86.38 1 1
ddsheetfinal/internal/application/usecases/learn_spell.go:86.38,88.4 1 0
ddsheetfinal/internal/application/usecases/learn_spell.go:92.2,96.41 3 1
ddsheetfinal/internal/application/usecases/learn_spell.go:99.63,101.2 1 2
ddsheetfinal/internal/application/usecases/learn_spell.go:103.65,105.2 1 1
ddsheetfinal/internal/application/usecases/list_characters.go:13.102,17.2 1 2
ddsheetfinal/internal/application/usecases/list_characters.go:20.76,22.16 2 2
ddsheetfinal/internal/application/usecases/list_characters.go:22.16,24.3 1 0
ddsheetfinal/internal/application/usecases/list_characters.go:25.2,25.44 1 2
ddsheetfinal/internal/application/usecases/prepare_spell.go:26.134,31.2 1 2
ddsheetfinal/internal/application/usecases/prepare_spell.go:34.71,37.16 2 2
ddsheetfinal/internal/application/usecases/prepare_spell.go:37.16,39.3 1 0
ddsheetfinal/internal/application/usecases/prepare_spell.go:42.2,43.45 2 2
ddsheetfinal/internal/application/usecases/prepare_spell.go:43.45,45.3 1 0
ddsheetfinal/internal/application/usecases/prepare_spell.go:48.2,48.48 1 2
ddsheetfinal/internal/application/usecases/prepare_spell.go:48.48,50.3 1 0
ddsheetfinal/internal/application/usecases/prepare_spell.go:53.2,54.16 2 2
ddsheetfinal/internal/application/usecases/prepare_spell.go:54.16,56.3 1 0
ddsheetfinal/internal/application/usecases/prepare_spell.go:57.2,57.14 1 2
ddsheetfinal/internal/application/usecases/prepare_spell.go:57.14,59.3 1 1
ddsheetfinal/internal/application/usecases/prepare_spell.go:62.2,63.16 2 1
ddsheetfinal/internal/application/usecases/prepare_spell.go:63.16,65.3 1 0
ddsheetfinal/internal/application/usecases/prepare_spell.go:68.2,69.23 2 1
ddsheetfinal/internal/application/usecases/prepare_spell.go:69.23,71.3 1 0
ddsheetfinal/internal/application/usecases/prepare_spell.go:74.2,74.52 1 1
ddsheetfinal/internal/application/usecases/prepare_spell.go:74.52,75.34 1 1
ddsheetfinal/internal/application/usecases/prepare_spell.go:75.34,77.4 1 0
ddsheetfinal/internal/application/usecases/prepare_spell.go:78.8,78.42 1 0
ddsheetfinal/internal/application/usecases/prepare_spell.go:78.42,80.3 1 0
ddsheetfinal/internal/application/usecases/prepare_spell.go:82.2,82.18 1 1
ddsheetfinal/internal/application/usecases/prepare_spell.go:82.18,85.3 1 0
ddsheetfinal/internal/application/usecases/prepare_spell.go:88.2,88.52 1 1
ddsheetfinal/internal/application/usecases/prepare_spell.go:91.100,93.45 1 1
ddsheetfinal/internal/application/usecases/prepare_spell.go:93.45,94.38 1 0
ddsheetfinal/internal/application/usecases/prepare_spell.go:94.38,96.4 1 0
ddsheetfinal/internal/application/usecases/prepare_spell.go:100.2,103.41 3 1
ddsheetfinal/internal/application/usecases/prepare_spell.go:106.102,110.45 3 0
ddsheetfinal/internal/application/usecases/prepare_spell.go:110.45,111.39 1 0
ddsheetfinal/internal/application/usecases/prepare_spell.go:111.39,113.4 1 0
ddsheetfinal/internal/application/usecases/prepare_spell.go:113.9,115.4 1 0
ddsheetfinal/internal/application/usecases/prepare_spell.go:118.2,118.12 1 0
ddsheetfinal/internal/application/usecases/prepare_spell.go:118.12,120.3 1 0
ddsheetfinal/internal/application/usecases/prepare_spell.go:122.2,123.41 2 0
ddsheetfinal/internal/application/usecases/save_character.go:15.100,19.2 1 2
ddsheetfinal/internal/application/usecases/save_character.go:22.80,23.25 1 2
ddsheetfinal/internal/application/usecases/save_character.go:23.25,25.3 1 0
ddsheetfinal/internal/application/usecases/save_character.go:27.2,27.29 1 2
ddsheetfinal/internal/application/usecases/save_character.go:27.29,29.3 1 0
ddsheetfinal/internal/application/usecases/save_character.go:32.2,35.41 2 2
ddsheetfinal/internal/application/usecases/unequip_item.go:23.96,27.2 1 1
ddsheetfinal/internal/application/usecases/unequip_item.go:30.69,33.16 2 1
ddsheetfinal/internal/application/usecases/unequip_item.go:33.16,35.3 1 0
ddsheetfinal/internal/application/usecases/unequip_item.go:37.2,40.51 2 1
ddsheetfinal/internal/application/usecases/unequip_item.go:40.51,44.3 3 1
ddsheetfinal/internal/application/usecases/unequip_item.go:47.2,47.49 1 1
ddsheetfinal/internal/application/usecases/unequip_item.go:47.49,51.3 3 0
ddsheetfinal/internal/application/usecases/unequip_item.go:54.2,54.51 1 1
ddsheetfinal/internal/application/usecases/unequip_item.go:54.51,58.3 3 0
ddsheetfinal/internal/application/usecases/unequip_item.go:60.2,60.14 1 1
ddsheetfinal/internal/application/usecases/unequip_item.go:60.14,62.3 1 0
ddsheetfinal/internal/application/usecases/unequip_item.go:65.2,65.41 1 1
ddsheetfinal/internal/application/usecases/view_character.go:47.25,52.2 1 2
ddsheetfinal/internal/application/usecases/view_character.go:55.84,57.16 2 2
ddsheetfinal/internal/application/usecases/view_character.go:57.16,59.3 1 1
ddsheetfinal/internal/application/usecases/view_character.go:62.2,83.23 15 1
ddsheetfinal/internal/application/usecases/view_character.go:83.23,85.24 2 1
ddsheetfinal/internal/application/usecases/view_character.go:85.24,92.23 5 1
ddsheetfinal/internal/application/usecases/view_character.go:93.15,94.41 1 1
ddsheetfinal/internal/application/usecases/view_character.go:95.15,96.35 1 0
ddsheetfinal/internal/application/usecases/view_character.go:97.15,98.37 1 0
ddsheetfinal/internal/application/usecases/view_character.go:103.2,120.8 1 1
ddsheetfinal/internal/domain/services/character_service.go:15.46,17.2 1 6
ddsheetfinal/internal/domain/services/character_service.go:20.86,26.59 5 8
ddsheetfinal/internal/domain/services/character_service.go:26.59,28.3 1 2
ddsheetfinal/internal/domain/services/character_service.go:30.2,33.21 2 8
ddsheetfinal/internal/domain/services/character_service.go:33.21,35.3 1 4
ddsheetfinal/internal/domain/services/character_service.go:38.2,39.9 2 4
ddsheetfinal/internal/domain/services/character_service.go:39.9,42.3 1 0
ddsheetfinal/internal/domain/services/character_service.go:44.2,44.59 1 4
ddsheetfinal/internal/domain/services/character_service.go:47.128,50.20 2 4
ddsheetfinal/internal/domain/services/character_service.go:51.14,52.23 1 1
ddsheetfinal/internal/domain/services/character_service.go:52.23,55.4 2 1
ddsheetfinal/internal/domain/services/character_service.go:56.19,58.22 2 1
ddsheetfinal/internal/domain/services/character_service.go:58.22,60.4 1 0
ddsheetfinal/internal/domain/services/character_service.go:61.3,61.69 1 1
ddsheetfinal/internal/domain/services/character_service.go:64.2,65.21 2 2
ddsheetfinal/internal/domain/services/character_service.go:65.21,67.3 1 1
ddsheetfinal/internal/domain/services/character_service.go:68.2,68.49 1 1
ddsheetfinal/internal/domain/services/character_service.go:71.114,72.20 1 4
ddsheetfinal/internal/domain/services/character_service.go:73.35,75.22 2 1
ddsheetfinal/internal/domain/services/character_service.go:75.22,77.4 1 0
ddsheetfinal/internal/domain/services/character_service.go:78.3,78.75 1 1
ddsheetfinal/internal/domain/services/character_service.go:80.36,82.20 2 1
ddsheetfinal/internal/domain/services/character_service.go:82.20,84.4 1 1
ddsheetfinal/internal/domain/services/character_service.go:85.3,86.22 2 1
ddsheetfinal/internal/domain/services/character_service.go:86.22,88.4 1 0
ddsheetfinal/internal/domain/services/character_service.go:89.3,89.83 1 1
ddsheetfinal/internal/domain/services/character_service.go:91.35,93.22 2 2
ddsheetfinal/internal/domain/services/character_service.go:93.22,95.4 1 1
ddsheetfinal/internal/domain/services/character_service.go:96.3,96.56 1 1
ddsheetfinal/internal/domain/services/character_service.go:98.10,100.22 2 0
ddsheetfinal/internal/domain/services/character_service.go:100.22,102.4 1 0
ddsheetfinal/internal/domain/services/character_service.go:103.3,103.50 1 0
ddsheetfinal/internal/domain/services/character_service.go:108.81,110.2 1 5
ddsheetfinal/internal/domain/services/character_service.go:113.83,117.44 3 5
ddsheetfinal/internal/domain/services/character_service.go:117.44,120.3 2 3
ddsheetfinal/internal/domain/services/character_service.go:122.2,122.13 1 5
ddsheetfinal/internal/domain/services/character_service.go:126.92,134.9 5 9
ddsheetfinal/internal/domain/services/character_service.go:134.9,136.3 1 1
ddsheetfinal/internal/domain/services/character_service.go:138.2,138.26 1 8
ddsheetfinal/internal/domain/services/character_service.go:138.26,139.19 1 12
ddsheetfinal/internal/domain/services/character_service.go:139.19,141.4 1 6
ddsheetfinal/internal/domain/services/character_service.go:143.2,143.14 1 2
ddsheetfinal/internal/domain/services/character_service.go:146.68,147.17 1 9
ddsheetfinal/internal/domain/services/character_service.go:148.25,149.15 1 3
ddsheetfinal/internal/domain/services/character_service.go:150.26,151.15 1 1
ddsheetfinal/internal/domain/services/character_service.go:152.29,153.15 1 1
ddsheetfinal/internal/domain/services/character_service.go:154.29,155.15 1 3
ddsheetfinal/internal/domain/services/character_service.go:156.23,157.15 1 1
ddsheetfinal/internal/domain/services/character_service.go:158.25,159.15 1 0
ddsheetfinal/internal/domain/services/character_service.go:160.10,161.17 1 0
ddsheetfinal/internal/domain/services/character_service.go:166.93,171.9 3 6
ddsheetfinal/internal/domain/services/character_service.go:171.9,173.3 1 1
ddsheetfinal/internal/domain/services/character_service.go:175.2,179.42 3 5
ddsheetfinal/internal/domain/services/character_service.go:179.42,182.3 2 4
ddsheetfinal/internal/domain/services/character_service.go:184.2,184.19 1 1
ddsheetfinal/internal/domain/services/character_service.go:188.71,189.21 1 3
ddsheetfinal/internal/domain/services/character_service.go:189.21,191.3 1 1
ddsheetfinal/internal/domain/services/character_service.go:193.2,204.20 5 2
ddsheetfinal/internal/domain/services/character_service.go:204.20,206.3 1 2
ddsheetfinal/internal/domain/services/character_service.go:208.2,208.12 1 2
ddsheetfinal/internal/domain/services/character_service.go:208.12,210.3 1 0
ddsheetfinal/internal/domain/services/character_service.go:211.2,211.11 1 2
ddsheetfinal/internal/domain/services/character_service.go:216.64,234.45 3 2
ddsheetfinal/internal/domain/services/character_service.go:234.45,236.3 1 2
ddsheetfinal/internal/domain/services/character_service.go:239.2,239.10 1 0
ddsheetfinal/internal/domain/services/character_service.go:243.64,246.20 2 2
ddsheetfinal/internal/domain/services/character_service.go:247.19,248.12 1 1
ddsheetfinal/internal/domain/services/character_service.go:249.38,250.12 1 0
ddsheetfinal/internal/domain/services/character_service.go:251.28,252.11 1 0
ddsheetfinal/internal/domain/services/character_service.go:253.10,254.11 1 1
ddsheetfinal/internal/domain/valueobjects/abilities.go:6.37,8.2 1 20
ddsheetfinal/internal/domain/valueobjects/abilities.go:11.38,12.9 1 22
ddsheetfinal/internal/domain/valueobjects/abilities.go:13.19,14.11 1 4
ddsheetfinal/internal/domain/valueobjects/abilities.go:15.19,16.11 1 4
ddsheetfinal/internal/domain/valueobjects/abilities.go:17.18,18.11 1 4
ddsheetfinal/internal/domain/valueobjects/abilities.go:19.18,20.11 1 4
ddsheetfinal/internal/domain/valueobjects/abilities.go:21.10,22.11 1 6
ddsheetfinal/internal/domain/valueobjects/armor.go:23.50,49.37 3 24
ddsheetfinal/internal/domain/valueobjects/armor.go:49.37,51.3 1 15
ddsheetfinal/internal/domain/valueobjects/armor.go:54.2,54.39 1 9
ddsheetfinal/internal/domain/valueobjects/armor.go:54.39,56.42 2 5
ddsheetfinal/internal/domain/valueobjects/armor.go:56.42,58.4 1 4
ddsheetfinal/internal/domain/valueobjects/armor.go:61.2,61.27 1 5
ddsheetfinal/internal/domain/valueobjects/spellcasting.go:12.39,13.40 1 19
ddsheetfinal/internal/domain/valueobjects/spellcasting.go:13.40,14.17 1 113
ddsheetfinal/internal/domain/valueobjects/spellcasting.go:14.17,16.4 1 15
ddsheetfinal/internal/domain/valueobjects/spellcasting.go:18.2,18.14 1 4
ddsheetfinal/internal/domain/valueobjects/spellcasting.go:22.42,23.42 1 16
ddsheetfinal/internal/domain/valueobjects/spellcasting.go:23.42,24.17 1 57
ddsheetfinal/internal/domain/valueobjects/spellcasting.go:24.17,26.4 1 10
ddsheetfinal/internal/domain/valueobjects/spellcasting.go:28.2,28.14 1 6
ddsheetfinal/internal/domain/valueobjects/spellcasting.go:32.50,33.15 1 0
ddsheetfinal/internal/domain/valueobjects/spellcasting.go:34.16,35.15 1 0
ddsheetfinal/internal/domain/valueobjects/spellcasting.go:36.35,37.15 1 0
ddsheetfinal/internal/domain/valueobjects/spellcasting.go:38.48,39.15 1 0
ddsheetfinal/internal/domain/valueobjects/spellcasting.go:40.10,41.12 1 0
ddsheetfinal/internal/domain/valueobjects/srd_data.go:203.51,204.29 1 10
ddsheetfinal/internal/domain/valueobjects/srd_data.go:204.29,206.3 1 2
ddsheetfinal/internal/domain/valueobjects/srd_data.go:208.2,209.17 2 8
ddsheetfinal/internal/domain/valueobjects/srd_data.go:209.17,211.3 1 8
ddsheetfinal/internal/domain/valueobjects/srd_data.go:214.2,214.29 1 8
ddsheetfinal/internal/domain/valueobjects/srd_data.go:214.29,216.3 1 1
ddsheetfinal/internal/domain/valueobjects/srd_data.go:219.2,225.18 3 7
ddsheetfinal/internal/domain/valueobjects/srd_data.go:225.18,228.19 3 6
ddsheetfinal/internal/domain/valueobjects/srd_data.go:228.19,230.4 1 6
ddsheetfinal/internal/domain/valueobjects/srd_data.go:232.3,234.15 3 6
ddsheetfinal/internal/domain/valueobjects/srd_data.go:237.2,237.18 1 1
ddsheetfinal/internal/domain/valueobjects/srd_data.go:237.18,243.3 4 1
ddsheetfinal/internal/domain/valueobjects/srd_data.go:245.2,245.12 1 0
ddsheetfinal/internal/domain/valueobjects/srd_data.go:249.52,251.15 1 6
ddsheetfinal/internal/domain/valueobjects/srd_data.go:252.37,253.18 1 1
ddsheetfinal/internal/domain/valueobjects/srd_data.go:253.18,255.4 1 0
ddsheetfinal/internal/domain/valueobjects/srd_data.go:256.3,256.17 1 1
ddsheetfinal/internal/domain/valueobjects/srd_data.go:256.17,258.4 1 1
ddsheetfinal/internal/domain/valueobjects/srd_data.go:259.3,259.11 1 0
ddsheetfinal/internal/domain/valueobjects/srd_data.go:260.35,261.18 1 5
ddsheetfinal/internal/domain/valueobjects/srd_data.go:261.18,263.4 1 0
ddsheetfinal/internal/domain/valueobjects/srd_data.go:264.3,264.17 1 5
ddsheetfinal/internal/domain/valueobjects/srd_data.go:264.17,266.4 1 2
ddsheetfinal/internal/domain/valueobjects/srd_data.go:267.3,267.11 1 3
ddsheetfinal/internal/domain/valueobjects/srd_data.go:269.2,269.10 1 0
ddsheetfinal/internal/domain/valueobjects/srd_data.go:274.44,279.16 3 1
ddsheetfinal/internal/domain/valueobjects/srd_data.go:279.16,281.3 1 0
ddsheetfinal/internal/domain/valueobjects/srd_data.go:282.2,282.17 1 1
ddsheetfinal/internal/domain/valueobjects/srd_data.go:282.17,284.3 1 0
ddsheetfinal/internal/domain/valueobjects/srd_data.go:285.2,289.16 3 1
ddsheetfinal/internal/domain/valueobjects/srd_data.go:289.16,291.3 1 0
ddsheetfinal/internal/domain/valueobjects/srd_data.go:292.2,292.17 1 1
ddsheetfinal/internal/domain/valueobjects/srd_data.go:292.17,294.3 1 0
ddsheetfinal/internal/domain/valueobjects/srd_data.go:295.2,295.17 1 1
ddsheetfinal/internal/domain/valueobjects/srd_data.go:295.17,297.3 1 0
ddsheetfinal/internal/domain/valueobjects/srd_data.go:300.2,301.16 2 1
ddsheetfinal/internal/domain/valueobjects/srd_data.go:301.16,303.3 1 0
ddsheetfinal/internal/domain/valueobjects/srd_data.go:304.2,304.16 1 1
ddsheetfinal/internal/domain/valueobjects/srd_data.go:304.16,306.3 1 0
ddsheetfinal/internal/domain/valueobjects/srd_data.go:307.2,307.16 1 1
ddsheetfinal/internal/domain/valueobjects/srd_data.go:307.16,309.3 1 0
ddsheetfinal/internal/domain/valueobjects/srd_data.go:310.2,310.16 1 1
ddsheetfinal/internal/domain/valueobjects/srd_data.go:310.16,312.3 1 0
ddsheetfinal/internal/domain/valueobjects/srd_data.go:315.2,317.14 2 1
ddsheetfinal/internal/infrastructure/di/container.go:55.87,106.2 33 0
ddsheetfinal/internal/infrastructure/external/dnd5eapi_enrichment_repository.go:28.89,38.2 2 0
ddsheetfinal/internal/infrastructure/external/dnd5eapi_enrichment_repository.go:41.128,44.18 2 0
ddsheetfinal/internal/infrastructure/external/dnd5eapi_enrichment_repository.go:44.18,46.3 1 0
ddsheetfinal/internal/infrastructure/external/dnd5eapi_enrichment_repository.go:47.2,47.39 1 0
ddsheetfinal/internal/infrastructure/external/dnd5eapi_enrichment_repository.go:47.39,49.3 1 0
ddsheetfinal/internal/infrastructure/external/dnd5eapi_enrichment_repository.go:52.2,62.64 3 0
ddsheetfinal/internal/infrastructure/external/dnd5eapi_enrichment_repository.go:62.64,64.3 1 0
ddsheetfinal/internal/infrastructure/external/dnd5eapi_enrichment_repository.go:66.2,78.18 5 0
ddsheetfinal/internal/infrastructure/external/dnd5eapi_enrichment_repository.go:83.140,86.18 2 0
ddsheetfinal/internal/infrastructure/external/dnd5eapi_enrichment_repository.go:86.18,88.3 1 0
ddsheetfinal/internal/infrastructure/external/dnd5eapi_enrichment_repository.go:89.2,89.43 1 0
ddsheetfinal/internal/infrastructure/external/dnd5eapi_enrichment_repository.go:89.43,91.3 1 0
ddsheetfinal/internal/infrastructure/external/dnd5eapi_enrichment_repository.go:94.2,97.63 3 0
ddsheetfinal/internal/infrastructure/external/dnd5eapi_enrichment_repository.go:97.63,99.3 1 0
ddsheetfinal/internal/infrastructure/external/dnd5eapi_enrichment_repository.go:101.2,104.39 2 0
ddsheetfinal/internal/infrastructure/external/dnd5eapi_enrichment_repository.go:104.39,106.3 1 0
ddsheetfinal/internal/infrastructure/external/dnd5eapi_enrichment_repository.go:107.2,107.61 1 0
ddsheetfinal/internal/infrastructure/external/dnd5eapi_enrichment_repository.go:107.61,108.40 1 0
ddsheetfinal/internal/infrastructure/external/dnd5eapi_enrichment_repository.go:108.40,110.4 1 0
ddsheetfinal/internal/infrastructure/external/dnd5eapi_enrichment_repository.go:114.2,114.48 1 0
ddsheetfinal/internal/infrastructure/external/dnd5eapi_enrichment_repository.go:114.48,115.48 1 0
ddsheetfinal/internal/infrastructure/external/dnd5eapi_enrichment_repository.go:115.48,117.4 1 0
ddsheetfinal/internal/infrastructure/external/dnd5eapi_enrichment_repository.go:119.2,119.60 1 0
ddsheetfinal/internal/infrastructure/external/dnd5eapi_enrichment_repository.go:119.60,121.3 1 0
ddsheetfinal/internal/infrastructure/external/dnd5eapi_enrichment_repository.go:124.2,124.54 1 0
ddsheetfinal/internal/infrastructure/external/dnd5eapi_enrichment_repository.go:124.54,125.44 1 0
ddsheetfinal/internal/infrastructure/external/dnd5eapi_enrichment_repository.go:125.44,127.4 1 0
ddsheetfinal/internal/infrastructure/external/dnd5eapi_enrichment_repository.go:128.3,128.45 1 0
ddsheetfinal/internal/infrastructure/external/dnd5eapi_enrichment_repository.go:128.45,130.4 1 0
ddsheetfinal/internal/infrastructure/external/dnd5eapi_enrichment_repository.go:131.3,131.51 1 0
ddsheetfinal/internal/infrastructure/external/dnd5eapi_enrichment_repository.go:131.51,134.4 2 0
ddsheetfinal/internal/infrastructure/external/dnd5eapi_enrichment_repository.go:137.2,137.54 1 0
ddsheetfinal/internal/infrastructure/external/dnd5eapi_enrichment_repository.go:137.54,139.3 1 0
ddsheetfinal/internal/infrastructure/external/dnd5eapi_enrichment_repository.go:140.2,140.48 1 0
ddsheetfinal/internal/infrastructure/external/dnd5eapi_enrichment_repository.go:140.48,142.3 1 0
ddsheetfinal/internal/infrastructure/external/dnd5eapi_enrichment_repository.go:145.2,145.50 1 0
ddsheetfinal/internal/infrastructure/external/dnd5eapi_enrichment_repository.go:145.50,146.50 1 0
ddsheetfinal/internal/infrastructure/external/dnd5eapi_enrichment_repository.go:146.50,147.47 1 0
ddsheetfinal/internal/infrastructure/external/dnd5eapi_enrichment_repository.go:147.47,149.5 1 0
ddsheetfinal/internal/infrastructure/external/dnd5eapi_enrichment_repository.go:154.2,154.51 1 0
ddsheetfinal/internal/infrastructure/external/dnd5eapi_enrichment_repository.go:154.51,155.52 1 0
ddsheetfinal/internal/infrastructure/external/dnd5eapi_enrichment_repository.go:155.52,157.4 1 0
ddsheetfinal/internal/infrastructure/external/dnd5eapi_enrichment_repository.go:161.2,164.18 3 0
ddsheetfinal/internal/infrastructure/external/dnd5eapi_enrichment_repository.go:168.100,171.16 3 0
ddsheetfinal/internal/infrastructure/external/dnd5eapi_enrichment_repository.go:171.16,172.25 1 0
ddsheetfinal/internal/infrastructure/external/dnd5eapi_enrichment_repository.go:172.25,174.4 1 0
ddsheetfinal/internal/infrastructure/external/dnd5eapi_enrichment_repository.go:175.3,175.18 1 0
ddsheetfinal/internal/infrastructure/external/dnd5eapi_enrichment_repository.go:178.2,179.53 2 0
ddsheetfinal/internal/infrastructure/external/dnd5eapi_enrichment_repository.go:179.53,181.3 1 0
ddsheetfinal/internal/infrastructure/external/dnd5eapi_enrichment_repository.go:183.2,183.19 1 0
ddsheetfinal/internal/infrastructure/external/dnd5eapi_enrichment_repository.go:187.102,190.16 3 0
ddsheetfinal/internal/infrastructure/external/dnd5eapi_enrichment_repository.go:190.16,192.3 1 0
ddsheetfinal/internal/infrastructure/external/dnd5eapi_enrichment_repository.go:193.2,193.40 1 0
ddsheetfinal/internal/infrastructure/external/dnd5eapi_enrichment_repository.go:197.108,200.16 3 0
ddsheetfinal/internal/infrastructure/external/dnd5eapi_enrichment_repository.go:200.16,201.25 1 0
ddsheetfinal/internal/infrastructure/external/dnd5eapi_enrichment_repository.go:201.25,203.4 1 0
ddsheetfinal/internal/infrastructure/external/dnd5eapi_enrichment_repository.go:204.3,204.18 1 0
ddsheetfinal/internal/infrastructure/external/dnd5eapi_enrichment_repository.go:207.2,208.53 2 0
ddsheetfinal/internal/infrastructure/external/dnd5eapi_enrichment_repository.go:208.53,210.3 1 0
ddsheetfinal/internal/infrastructure/external/dnd5eapi_enrichment_repository.go:212.2,212.19 1 0
ddsheetfinal/internal/infrastructure/external/dnd5eapi_enrichment_repository.go:216.110,219.16 3 0
ddsheetfinal/internal/infrastructure/external/dnd5eapi_enrichment_repository.go:219.16,221.3 1 0
ddsheetfinal/internal/infrastructure/external/dnd5eapi_enrichment_repository.go:222.2,222.40 1 0
ddsheetfinal/internal/infrastructure/external/dnd5eapi_enrichment_repository.go:226.86,236.74 3 0
ddsheetfinal/internal/infrastructure/external/dnd5eapi_enrichment_repository.go:236.74,238.3 1 0
ddsheetfinal/internal/infrastructure/external/dnd5eapi_enrichment_repository.go:240.2,243.53 3 0
ddsheetfinal/internal/infrastructure/external/dnd5eapi_enrichment_repository.go:243.53,245.3 1 0
ddsheetfinal/internal/infrastructure/external/dnd5eapi_enrichment_repository.go:246.2,257.77 4 0
ddsheetfinal/internal/infrastructure/external/dnd5eapi_enrichment_repository.go:257.77,259.3 1 0
ddsheetfinal/internal/infrastructure/external/dnd5eapi_enrichment_repository.go:261.2,264.57 3 0
ddsheetfinal/internal/infrastructure/external/dnd5eapi_enrichment_repository.go:264.57,266.3 1 0
ddsheetfinal/internal/infrastructure/external/dnd5eapi_enrichment_repository.go:267.2,269.12 2 0
ddsheetfinal/internal/infrastructure/external/dnd5eapi_enrichment_repository.go:276.38,287.31 5 0
ddsheetfinal/internal/infrastructure/external/dnd5eapi_enrichment_repository.go:287.31,289.13 2 0
ddsheetfinal/internal/infrastructure/external/dnd5eapi_enrichment_repository.go:289.13,291.17 2 0
ddsheetfinal/internal/infrastructure/external/dnd5eapi_enrichment_repository.go:291.17,291.32 1 0
ddsheetfinal/internal/infrastructure/external/dnd5eapi_enrichment_repository.go:293.4,294.63 2 0
ddsheetfinal/internal/infrastructure/external/dnd5eapi_enrichment_repository.go:298.2,299.35 2 0
ddsheetfinal/internal/infrastructure/external/dnd5eapi_enrichment_repository.go:299.35,301.21 2 0
ddsheetfinal/internal/infrastructure/external/dnd5eapi_enrichment_repository.go:301.21,303.12 2 0
ddsheetfinal/internal/infrastructure/external/dnd5eapi_enrichment_repository.go:305.3,305.22 1 0
ddsheetfinal/internal/infrastructure/external/dnd5eapi_enrichment_repository.go:305.22,307.4 1 0
ddsheetfinal/internal/infrastructure/external/dnd5eapi_enrichment_repository.go:308.3,308.20 1 0
ddsheetfinal/internal/infrastructure/external/dnd5eapi_enrichment_repository.go:308.20,310.4 1 0
ddsheetfinal/internal/infrastructure/external/dnd5eapi_enrichment_repository.go:313.2,313.14 1 0
ddsheetfinal/internal/infrastructure/external/dnd5eapi_enrichment_repository.go:320.42,331.34 5 0
ddsheetfinal/internal/infrastructure/external/dnd5eapi_enrichment_repository.go:331.34,333.13 2 0
ddsheetfinal/internal/infrastructure/external/dnd5eapi_enrichment_repository.go:333.13,335.17 2 0
ddsheetfinal/internal/infrastructure/external/dnd5eapi_enrichment_repository.go:335.17,335.32 1 0
ddsheetfinal/internal/infrastructure/external/dnd5eapi_enrichment_repository.go:337.4,338.63 2 0
ddsheetfinal/internal/infrastructure/external/dnd5eapi_enrichment_repository.go:342.2,343.38 2 0
ddsheetfinal/internal/infrastructure/external/dnd5eapi_enrichment_repository.go:343.38,345.21 2 0
ddsheetfinal/internal/infrastructure/external/dnd5eapi_enrichment_repository.go:345.21,347.12 2 0
ddsheetfinal/internal/infrastructure/external/dnd5eapi_enrichment_repository.go:349.3,349.22 1 0
ddsheetfinal/internal/infrastructure/external/dnd5eapi_enrichment_repository.go:349.22,351.4 1 0
ddsheetfinal/internal/infrastructure/external/dnd5eapi_enrichment_repository.go:352.3,352.20 1 0
ddsheetfinal/internal/infrastructure/external/dnd5eapi_enrichment_repository.go:352.20,354.4 1 0
ddsheetfinal/internal/infrastructure/external/dnd5eapi_enrichment_repository.go:357.2,357.14 1 0
ddsheetfinal/internal/infrastructure/external/dnd5eapi_enrichment_repository.go:362.109,365.48 2 0
ddsheetfinal/internal/infrastructure/external/dnd5eapi_enrichment_repository.go:365.48,367.3 1 0
ddsheetfinal/internal/infrastructure/external/dnd5eapi_enrichment_repository.go:370.2,371.32 2 0
ddsheetfinal/internal/infrastructure/external/dnd5eapi_enrichment_repository.go:374.96,376.16 2 0
ddsheetfinal/internal/infrastructure/external/dnd5eapi_enrichment_repository.go:376.16,378.3 1 0
ddsheetfinal/internal/infrastructure/external/dnd5eapi_enrichment_repository.go:379.2,382.16 3 0
ddsheetfinal/internal/infrastructure/external/dnd5eapi_enrichment_repository.go:382.16,384.3 1 0
ddsheetfinal/internal/infrastructure/external/dnd5eapi_enrichment_repository.go:385.2,387.38 2 0
ddsheetfinal/internal/infrastructure/external/dnd5eapi_enrichment_repository.go:387.38,389.3 1 0
ddsheetfinal/internal/infrastructure/external/dnd5eapi_enrichment_repository.go:391.2,391.47 1 0
ddsheetfinal/internal/infrastructure/external/dnd5eapi_enrichment_repository.go:394.86,395.31 1 0
ddsheetfinal/internal/infrastructure/external/dnd5eapi_enrichment_repository.go:396.12,397.19 1 0
ddsheetfinal/internal/infrastructure/external/dnd5eapi_enrichment_repository.go:398.12,399.18 1 0
ddsheetfinal/internal/infrastructure/external/dnd5eapi_enrichment_repository.go:400.12,401.13 1 0
ddsheetfinal/internal/infrastructure/external/dnd5eapi_enrichment_repository.go:402.12,403.18 1 0
ddsheetfinal/internal/infrastructure/external/dnd5eapi_enrichment_repository.go:404.10,405.13 1 0
ddsheetfinal/internal/infrastructure/external/dnd5eapi_enrichment_repository.go:410.118,414.16 3 0
ddsheetfinal/internal/infrastructure/external/dnd5eapi_enrichment_repository.go:414.16,416.3 1 0
ddsheetfinal/internal/infrastructure/external/dnd5eapi_enrichment_repository.go:418.2,419.54 2 0
ddsheetfinal/internal/infrastructure/external/dnd5eapi_enrichment_repository.go:419.54,421.3 1 0
ddsheetfinal/internal/infrastructure/external/dnd5eapi_enrichment_repository.go:423.2,423.20 1 0
ddsheetfinal/internal/presentation/cli/create_handler.go:18.95,22.2 1 0
ddsheetfinal/internal/presentation/cli/create_handler.go:25.47,28.16 2 0
ddsheetfinal/internal/presentation/cli/create_handler.go:28.16,31.3 2 0
ddsheetfinal/internal/presentation/cli/create_handler.go:34.2,35.16 2 0
ddsheetfinal/internal/presentation/cli/create_handler.go:35.16,38.3 2 0
ddsheetfinal/internal/presentation/cli/create_handler.go:40.2,40.49 1 0
ddsheetfinal/internal/presentation/cli/create_handler.go:43.84,46.33 2 0
ddsheetfinal/internal/presentation/cli/create_handler.go:46.33,47.22 1 0
ddsheetfinal/internal/presentation/cli/create_handler.go:47.22,49.4 1 0
ddsheetfinal/internal/presentation/cli/create_handler.go:52.2,52.31 1 0
ddsheetfinal/internal/presentation/cli/create_handler.go:55.71,66.2 1 0
ddsheetfinal/internal/presentation/cli/create_handler.go:68.109,69.14 1 0
ddsheetfinal/internal/presentation/cli/create_handler.go:70.15,72.26 2 0
ddsheetfinal/internal/presentation/cli/create_handler.go:73.15,75.26 2 0
ddsheetfinal/internal/presentation/cli/create_handler.go:76.16,78.26 2 0
ddsheetfinal/internal/presentation/cli/create_handler.go:79.21,81.26 2 0
ddsheetfinal/internal/presentation/cli/create_handler.go:82.16,84.26 2 0
ddsheetfinal/internal/presentation/cli/create_handler.go:85.14,87.26 2 0
ddsheetfinal/internal/presentation/cli/create_handler.go:88.14,90.26 2 0
ddsheetfinal/internal/presentation/cli/create_handler.go:91.14,93.26 2 0
ddsheetfinal/internal/presentation/cli/create_handler.go:94.14,96.26 2 0
ddsheetfinal/internal/presentation/cli/create_handler.go:97.14,99.26 2 0
ddsheetfinal/internal/presentation/cli/create_handler.go:100.14,102.26 2 0
ddsheetfinal/internal/presentation/cli/create_handler.go:103.17,105.26 2 0
ddsheetfinal/internal/presentation/cli/create_handler.go:107.2,107.21 1 0
ddsheetfinal/internal/presentation/cli/create_handler.go:110.87,112.30 2 0
ddsheetfinal/internal/presentation/cli/create_handler.go:112.30,114.3 1 0
ddsheetfinal/internal/presentation/cli/create_handler.go:117.103,118.22 1 0
ddsheetfinal/internal/presentation/cli/create_handler.go:118.22,120.3 1 0
ddsheetfinal/internal/presentation/cli/create_handler.go:121.2,121.22 1 0
ddsheetfinal/internal/presentation/cli/create_handler.go:121.22,123.3 1 0
ddsheetfinal/internal/presentation/cli/create_handler.go:124.2,124.23 1 0
ddsheetfinal/internal/presentation/cli/create_handler.go:124.23,126.3 1 0
ddsheetfinal/internal/presentation/cli/create_handler.go:127.2,127.19 1 0
ddsheetfinal/internal/presentation/cli/delete_handler.go:16.95,20.2 1 0
ddsheetfinal/internal/presentation/cli/delete_handler.go:23.47,26.16 2 0
ddsheetfinal/internal/presentation/cli/delete_handler.go:26.16,29.3 2 0
ddsheetfinal/internal/presentation/cli/delete_handler.go:32.2,32.63 1 0
ddsheetfinal/internal/presentation/cli/delete_handler.go:32.63,35.3 2 0
ddsheetfinal/internal/presentation/cli/delete_handler.go:37.2,37.34 1 0
ddsheetfinal/internal/presentation/cli/delete_handler.go:40.57,41.33 1 0
ddsheetfinal/internal/presentation/cli/delete_handler.go:41.33,42.44 1 0
ddsheetfinal/internal/presentation/cli/delete_handler.go:42.44,44.4 1 0
ddsheetfinal/internal/presentation/cli/delete_handler.go:46.2,46.11 1 0
ddsheetfinal/internal/presentation/cli/enrich_handler.go:21.86,25.2 1 9
ddsheetfinal/internal/presentation/cli/enrich_handler.go:28.47,34.14 3 0
ddsheetfinal/internal/presentation/cli/enrich_handler.go:34.14,35.48 1 0
ddsheetfinal/internal/presentation/cli/enrich_handler.go:35.48,38.4 2 0
ddsheetfinal/internal/presentation/cli/enrich_handler.go:40.3,40.17 1 0
ddsheetfinal/internal/presentation/cli/enrich_handler.go:40.17,43.4 2 0
ddsheetfinal/internal/presentation/cli/enrich_handler.go:47.2,47.16 1 0
ddsheetfinal/internal/presentation/cli/enrich_handler.go:47.16,51.3 3 0
ddsheetfinal/internal/presentation/cli/enrich_handler.go:54.2,64.16 5 0
ddsheetfinal/internal/presentation/cli/enrich_handler.go:64.16,67.3 2 0
ddsheetfinal/internal/presentation/cli/enrich_handler.go:70.2,72.26 3 0
ddsheetfinal/internal/presentation/cli/enrich_handler.go:72.26,74.3 1 0
ddsheetfinal/internal/presentation/cli/enrich_handler.go:75.2,75.25 1 0
ddsheetfinal/internal/presentation/cli/enrich_handler.go:75.25,77.3 1 0
ddsheetfinal/internal/presentation/cli/enrich_handler.go:78.2,78.23 1 0
ddsheetfinal/internal/presentation/cli/enrich_handler.go:78.23,80.32 2 0
ddsheetfinal/internal/presentation/cli/enrich_handler.go:80.32,82.4 1 0
ddsheetfinal/internal/presentation/cli/enrich_handler.go:87.95,100.24 7 6
ddsheetfinal/internal/presentation/cli/enrich_handler.go:100.24,102.3 1 5
ddsheetfinal/internal/presentation/cli/enrich_handler.go:104.2,104.51 1 6
ddsheetfinal/internal/presentation/cli/enrich_handler.go:108.68,114.69 4 0
ddsheetfinal/internal/presentation/cli/enrich_handler.go:114.69,116.3 1 0
ddsheetfinal/internal/presentation/cli/enrich_handler.go:118.2,119.12 2 0
ddsheetfinal/internal/presentation/cli/enrich_handler.go:123.119,127.13 3 3
ddsheetfinal/internal/presentation/cli/enrich_handler.go:127.13,129.3 1 1
ddsheetfinal/internal/presentation/cli/enrich_handler.go:129.8,131.51 2 2
ddsheetfinal/internal/presentation/cli/enrich_handler.go:131.51,133.4 1 0
ddsheetfinal/internal/presentation/cli/enrich_handler.go:134.3,134.48 1 2
ddsheetfinal/internal/presentation/cli/enrich_handler.go:137.2,137.60 1 3
ddsheetfinal/internal/presentation/cli/enrich_handler.go:137.60,139.3 1 0
ddsheetfinal/internal/presentation/cli/enrich_handler.go:140.2,140.21 1 3
ddsheetfinal/internal/presentation/cli/equip_handler.go:16.81,20.2 1 0
ddsheetfinal/internal/presentation/cli/equip_handler.go:23.46,26.31 2 0
ddsheetfinal/internal/presentation/cli/equip_handler.go:26.31,29.3 2 0
ddsheetfinal/internal/presentation/cli/equip_handler.go:32.2,32.58 1 0
ddsheetfinal/internal/presentation/cli/equip_handler.go:32.58,35.3 2 0
ddsheetfinal/internal/presentation/cli/equip_handler.go:38.2,38.24 1 0
ddsheetfinal/internal/presentation/cli/equip_handler.go:38.24,40.17 2 0
ddsheetfinal/internal/presentation/cli/equip_handler.go:40.17,42.4 1 0
ddsheetfinal/internal/presentation/cli/equip_handler.go:43.3,43.63 1 0
ddsheetfinal/internal/presentation/cli/equip_handler.go:45.2,45.23 1 0
ddsheetfinal/internal/presentation/cli/equip_handler.go:45.23,47.3 1 0
ddsheetfinal/internal/presentation/cli/equip_handler.go:48.2,48.24 1 0
ddsheetfinal/internal/presentation/cli/equip_handler.go:48.24,50.3 1 0
ddsheetfinal/internal/presentation/cli/equip_handler.go:53.74,56.33 2 0
ddsheetfinal/internal/presentation/cli/equip_handler.go:56.33,57.18 1 0
ddsheetfinal/internal/presentation/cli/equip_handler.go:58.16,59.23 1 0
ddsheetfinal/internal/presentation/cli/equip_handler.go:59.23,62.5 2 0
ddsheetfinal/internal/presentation/cli/equip_handler.go:63.18,64.23 1 0
ddsheetfinal/internal/presentation/cli/equip_handler.go:64.23,67.5 2 0
ddsheetfinal/internal/presentation/cli/equip_handler.go:68.17,69.23 1 0
ddsheetfinal/internal/presentation/cli/equip_handler.go:69.23,72.5 2 0
ddsheetfinal/internal/presentation/cli/equip_handler.go:73.18,74.23 1 0
ddsheetfinal/internal/presentation/cli/equip_handler.go:74.23,77.5 2 0
ddsheetfinal/internal/presentation/cli/equip_handler.go:78.16,79.23 1 0
ddsheetfinal/internal/presentation/cli/equip_handler.go:79.23,82.5 2 0
ddsheetfinal/internal/presentation/cli/equip_handler.go:86.2,86.14 1 0
ddsheetfinal/internal/presentation/cli/help_handler.go:11.36,13.2 1 0
ddsheetfinal/internal/presentation/cli/help_handler.go:16.45,75.2 1 0
ddsheetfinal/internal/presentation/cli/learn_spell_handler.go:16.93,20.2 1 0
ddsheetfinal/internal/presentation/cli/learn_spell_handler.go:23.51,26.31 2 0
ddsheetfinal/internal/presentation/cli/learn_spell_handler.go:26.31,29.3 2 0
ddsheetfinal/internal/presentation/cli/learn_spell_handler.go:32.2,32.65 1 0
ddsheetfinal/internal/presentation/cli/learn_spell_handler.go:32.65,35.3 2 0
ddsheetfinal/internal/presentation/cli/learn_spell_handler.go:37.2,37.41 1 0
ddsheetfinal/internal/presentation/cli/learn_spell_handler.go:40.76,41.33 1 0
ddsheetfinal/internal/presentation/cli/learn_spell_handler.go:41.33,42.18 1 0
ddsheetfinal/internal/presentation/cli/learn_spell_handler.go:43.16,44.23 1 0
ddsheetfinal/internal/presentation/cli/learn_spell_handler.go:44.23,47.5 2 0
ddsheetfinal/internal/presentation/cli/learn_spell_handler.go:48.17,49.23 1 0
ddsheetfinal/internal/presentation/cli/learn_spell_handler.go:49.23,52.5 2 0
ddsheetfinal/internal/presentation/cli/learn_spell_handler.go:55.2,55.8 1 0
ddsheetfinal/internal/presentation/cli/learnable_spells_handler.go:17.119,21.2 1 0
ddsheetfinal/internal/presentation/cli/learnable_spells_handler.go:24.56,27.16 2 0
ddsheetfinal/internal/presentation/cli/learnable_spells_handler.go:27.16,30.3 2 0
ddsheetfinal/internal/presentation/cli/learnable_spells_handler.go:33.2,34.16 2 0
ddsheetfinal/internal/presentation/cli/learnable_spells_handler.go:34.16,37.3 2 0
ddsheetfinal/internal/presentation/cli/learnable_spells_handler.go:40.2,40.22 1 0
ddsheetfinal/internal/presentation/cli/learnable_spells_handler.go:40.22,42.3 1 0
ddsheetfinal/internal/presentation/cli/learnable_spells_handler.go:42.8,44.3 1 0
ddsheetfinal/internal/presentation/cli/learnable_spells_handler.go:47.66,48.33 1 0
ddsheetfinal/internal/presentation/cli/learnable_spells_handler.go:48.33,49.44 1 0
ddsheetfinal/internal/presentation/cli/learnable_spells_handler.go:49.44,51.4 1 0
ddsheetfinal/internal/presentation/cli/learnable_spells_handler.go:53.2,53.11 1 0
ddsheetfinal/internal/presentation/cli/list_handler.go:16.89,20.2 1 0
ddsheetfinal/internal/presentation/cli/list_handler.go:23.45,26.16 2 0
ddsheetfinal/internal/presentation/cli/list_handler.go:26.16,29.3 2 0
ddsheetfinal/internal/presentation/cli/list_handler.go:32.2,33.28 2 0
ddsheetfinal/internal/presentation/cli/list_handler.go:33.28,35.3 1 0
ddsheetfinal/internal/presentation/cli/list_handler.go:35.8,36.37 1 0
ddsheetfinal/internal/presentation/cli/list_handler.go:36.37,38.4 1 0
ddsheetfinal/internal/presentation/cli/prepare_spell_handler.go:16.101,20.2 1 0
ddsheetfinal/internal/presentation/cli/prepare_spell_handler.go:23.53,26.56 2 0
ddsheetfinal/internal/presentation/cli/prepare_spell_handler.go:26.56,29.3 2 0
ddsheetfinal/internal/presentation/cli/prepare_spell_handler.go:32.2,32.61 1 0
ddsheetfinal/internal/presentation/cli/prepare_spell_handler.go:32.61,35.3 2 0
ddsheetfinal/internal/presentation/cli/prepare_spell_handler.go:37.2,37.18 1 0
ddsheetfinal/internal/presentation/cli/prepare_spell_handler.go:37.18,39.3 1 0
ddsheetfinal/internal/presentation/cli/prepare_spell_handler.go:39.8,41.3 1 0
ddsheetfinal/internal/presentation/cli/prepare_spell_handler.go:44.84,47.33 2 0
ddsheetfinal/internal/presentation/cli/prepare_spell_handler.go:47.33,48.18 1 0
ddsheetfinal/internal/presentation/cli/prepare_spell_handler.go:49.16,50.23 1 0
ddsheetfinal/internal/presentation/cli/prepare_spell_handler.go:50.23,53.5 2 0
ddsheetfinal/internal/presentation/cli/prepare_spell_handler.go:54.17,55.23 1 0
ddsheetfinal/internal/presentation/cli/prepare_spell_handler.go:55.23,58.5 2 0
ddsheetfinal/internal/presentation/cli/prepare_spell_handler.go:59.18,60.23 1 0
ddsheetfinal/internal/presentation/cli/prepare_spell_handler.go:64.2,64.14 1 0
ddsheetfinal/internal/presentation/cli/serve_handler.go:46.17,56.2 1 0
ddsheetfinal/internal/presentation/cli/serve_handler.go:59.46,61.83 2 0
ddsheetfinal/internal/presentation/cli/serve_handler.go:61.83,63.3 1 0
ddsheetfinal/internal/presentation/cli/serve_handler.go:66.2,67.16 2 0
ddsheetfinal/internal/presentation/cli/serve_handler.go:67.16,69.3 1 0
ddsheetfinal/internal/presentation/cli/serve_handler.go:71.2,100.43 16 0
ddsheetfinal/internal/presentation/cli/serve_handler.go:104.72,105.54 1 0
ddsheetfinal/internal/presentation/cli/serve_handler.go:105.54,107.17 2 0
ddsheetfinal/internal/presentation/cli/serve_handler.go:107.17,110.4 2 0
ddsheetfinal/internal/presentation/cli/serve_handler.go:112.3,113.29 2 0
ddsheetfinal/internal/presentation/cli/serve_handler.go:113.29,114.17 1 0
ddsheetfinal/internal/presentation/cli/serve_handler.go:114.17,115.13 1 0
ddsheetfinal/internal/presentation/cli/serve_handler.go:117.4,118.63 2 0
ddsheetfinal/internal/presentation/cli/serve_handler.go:118.63,120.5 1 0
ddsheetfinal/internal/presentation/cli/serve_handler.go:123.3,124.33 2 0
ddsheetfinal/internal/presentation/cli/serve_handler.go:128.74,129.54 1 0
ddsheetfinal/internal/presentation/cli/serve_handler.go:129.54,132.42 3 0
ddsheetfinal/internal/presentation/cli/serve_handler.go:132.42,135.4 2 0
ddsheetfinal/internal/presentation/cli/serve_handler.go:137.3,137.65 1 0
ddsheetfinal/internal/presentation/cli/serve_handler.go:137.65,140.4 2 0
ddsheetfinal/internal/presentation/cli/serve_handler.go:143.3,145.19 2 0
ddsheetfinal/internal/presentation/cli/serve_handler.go:146.23,149.18 2 0
ddsheetfinal/internal/presentation/cli/serve_handler.go:149.18,152.5 2 0
ddsheetfinal/internal/presentation/cli/serve_handler.go:154.4,156.10 3 0
ddsheetfinal/internal/presentation/cli/serve_handler.go:158.23,160.18 2 0
ddsheetfinal/internal/presentation/cli/serve_handler.go:160.18,163.5 2 0
ddsheetfinal/internal/presentation/cli/serve_handler.go:164.4,168.57 3 0
ddsheetfinal/internal/presentation/cli/serve_handler.go:168.57,171.5 2 0
ddsheetfinal/internal/presentation/cli/serve_handler.go:174.4,174.67 1 0
ddsheetfinal/internal/presentation/cli/serve_handler.go:174.67,177.5 2 0
ddsheetfinal/internal/presentation/cli/serve_handler.go:179.4,181.10 3 0
ddsheetfinal/internal/presentation/cli/serve_handler.go:183.26,185.69 1 0
ddsheetfinal/internal/presentation/cli/serve_handler.go:185.69,186.51 1 0
ddsheetfinal/internal/presentation/cli/serve_handler.go:186.51,189.6 2 0
ddsheetfinal/internal/presentation/cli/serve_handler.go:190.5,191.11 2 0
ddsheetfinal/internal/presentation/cli/serve_handler.go:193.4,196.10 4 0
ddsheetfinal/internal/presentation/cli/serve_handler.go:198.11,200.10 2 0
ddsheetfinal/internal/presentation/cli/serve_handler.go:206.70,207.54 1 0
ddsheetfinal/internal/presentation/cli/serve_handler.go:207.54,208.33 1 0
ddsheetfinal/internal/presentation/cli/serve_handler.go:208.33,211.4 2 0
ddsheetfinal/internal/presentation/cli/serve_handler.go:214.3,215.26 2 0
ddsheetfinal/internal/presentation/cli/serve_handler.go:215.26,218.4 2 0
ddsheetfinal/internal/presentation/cli/serve_handler.go:221.3,222.17 2 0
ddsheetfinal/internal/presentation/cli/serve_handler.go:222.17,225.4 2 0
ddsheetfinal/internal/presentation/cli/serve_handler.go:227.3,228.42 2 0
ddsheetfinal/internal/presentation/cli/serve_handler.go:233.56,234.54 1 0
ddsheetfinal/internal/presentation/cli/serve_handler.go:234.54,235.34 1 0
ddsheetfinal/internal/presentation/cli/serve_handler.go:235.34,238.4 2 0
ddsheetfinal/internal/presentation/cli/serve_handler.go:240.3,243.62 2 0
ddsheetfinal/internal/presentation/cli/serve_handler.go:243.62,246.4 2 0
ddsheetfinal/internal/presentation/cli/serve_handler.go:249.3,250.17 2 0
ddsheetfinal/internal/presentation/cli/serve_handler.go:250.17,253.4 2 0
ddsheetfinal/internal/presentation/cli/serve_handler.go:256.3,281.36 3 0
ddsheetfinal/internal/presentation/cli/serve_handler.go:286.56,287.54 1 0
ddsheetfinal/internal/presentation/cli/serve_handler.go:287.54,288.33 1 0
ddsheetfinal/internal/presentation/cli/serve_handler.go:288.33,291.4 2 0
ddsheetfinal/internal/presentation/cli/serve_handler.go:293.3,294.17 2 0
ddsheetfinal/internal/presentation/cli/serve_handler.go:294.17,297.4 2 0
ddsheetfinal/internal/presentation/cli/serve_handler.go:299.3,304.17 4 0
ddsheetfinal/internal/presentation/cli/serve_handler.go:304.17,307.4 2 0
ddsheetfinal/internal/presentation/cli/serve_handler.go:310.3,311.40 2 0
ddsheetfinal/internal/presentation/cli/serve_handler.go:311.40,314.38 3 0
ddsheetfinal/internal/presentation/cli/serve_handler.go:314.38,316.5 1 0
ddsheetfinal/internal/presentation/cli/serve_handler.go:320.3,322.27 3 0
ddsheetfinal/internal/presentation/cli/serve_handler.go:322.27,324.4 1 0
ddsheetfinal/internal/presentation/cli/serve_handler.go:325.3,325.28 1 0
ddsheetfinal/internal/presentation/cli/serve_handler.go:325.28,327.4 1 0
ddsheetfinal/internal/presentation/cli/serve_handler.go:328.3,328.26 1 0
ddsheetfinal/internal/presentation/cli/serve_handler.go:328.26,330.4 1 0
ddsheetfinal/internal/presentation/cli/serve_handler.go:331.3,331.27 1 0
ddsheetfinal/internal/presentation/cli/serve_handler.go:331.27,333.4 1 0
ddsheetfinal/internal/presentation/cli/serve_handler.go:334.3,336.40 2 0
ddsheetfinal/internal/presentation/cli/serve_handler.go:336.40,337.19 1 0
ddsheetfinal/internal/presentation/cli/serve_handler.go:337.19,338.13 1 0
ddsheetfinal/internal/presentation/cli/serve_handler.go:340.4,342.38 3 0
ddsheetfinal/internal/presentation/cli/serve_handler.go:342.38,344.5 1 0
ddsheetfinal/internal/presentation/cli/serve_handler.go:348.3,379.17 7 0
ddsheetfinal/internal/presentation/cli/serve_handler.go:379.17,381.4 1 0
ddsheetfinal/internal/presentation/cli/serve_handler.go:383.3,395.36 3 0
ddsheetfinal/internal/presentation/cli/unequip_handler.go:16.89,20.2 1 0
ddsheetfinal/internal/presentation/cli/unequip_handler.go:23.48,26.31 2 0
ddsheetfinal/internal/presentation/cli/unequip_handler.go:26.31,29.3 2 0
ddsheetfinal/internal/presentation/cli/unequip_handler.go:32.2,32.60 1 0
ddsheetfinal/internal/presentation/cli/unequip_handler.go:32.60,35.3 2 0
ddsheetfinal/internal/presentation/cli/unequip_handler.go:37.2,37.48 1 0
ddsheetfinal/internal/presentation/cli/unequip_handler.go:40.78,43.33 2 0
ddsheetfinal/internal/presentation/cli/unequip_handler.go:43.33,44.18 1 0
ddsheetfinal/internal/presentation/cli/unequip_handler.go:45.16,46.23 1 0
ddsheetfinal/internal/presentation/cli/unequip_handler.go:46.23,49.5 2 0
ddsheetfinal/internal/presentation/cli/unequip_handler.go:50.18,51.30 1 0
ddsheetfinal/internal/presentation/cli/unequip_handler.go:52.17,53.29 1 0
ddsheetfinal/internal/presentation/cli/unequip_handler.go:54.18,55.30 1 0
ddsheetfinal/internal/presentation/cli/unequip_handler.go:59.2,59.14 1 0
ddsheetfinal/internal/presentation/cli/view_handler.go:18.87,22.2 1 0
ddsheetfinal/internal/presentation/cli/view_handler.go:25.45,28.16 2 0
ddsheetfinal/internal/presentation/cli/view_handler.go:28.16,31.3 2 0
ddsheetfinal/internal/presentation/cli/view_handler.go:34.2,35.16 2 0
ddsheetfinal/internal/presentation/cli/view_handler.go:35.16,38.3 2 0
ddsheetfinal/internal/presentation/cli/view_handler.go:41.2,41.28 1 0
ddsheetfinal/internal/presentation/cli/view_handler.go:44.55,45.33 1 0
ddsheetfinal/internal/presentation/cli/view_handler.go:45.33,46.44 1 0
ddsheetfinal/internal/presentation/cli/view_handler.go:46.44,48.4 1 0
ddsheetfinal/internal/presentation/cli/view_handler.go:50.2,50.11 1 0
ddsheetfinal/internal/presentation/cli/view_handler.go:53.78,74.38 15 0
ddsheetfinal/internal/presentation/cli/view_handler.go:74.38,76.3 1 0
ddsheetfinal/internal/presentation/cli/view_handler.go:79.2,90.26 6 0
ddsheetfinal/internal/presentation/cli/view_handler.go:90.26,92.3 1 0
ddsheetfinal/internal/presentation/cli/view_handler.go:93.2,93.34 1 0
ddsheetfinal/internal/presentation/cli/view_handler.go:93.34,95.3 1 0
ddsheetfinal/internal/presentation/cli/view_handler.go:98.79,99.30 1 0
ddsheetfinal/internal/presentation/cli/view_handler.go:99.30,101.3 1 0
ddsheetfinal/internal/presentation/cli/view_handler.go:103.2,104.42 2 0
ddsheetfinal/internal/presentation/cli/view_handler.go:104.42,105.16 1 0
ddsheetfinal/internal/presentation/cli/view_handler.go:105.16,107.9 2 0
ddsheetfinal/internal/presentation/cli/view_handler.go:111.2,111.15 1 0
ddsheetfinal/internal/presentation/cli/view_handler.go:111.15,113.3 1 0
ddsheetfinal/internal/presentation/cli/view_handler.go:115.2,116.42 2 0
ddsheetfinal/internal/presentation/cli/view_handler.go:116.42,117.16 1 0
ddsheetfinal/internal/presentation/cli/view_handler.go:117.16,120.4 1 0
ddsheetfinal/internal/presentation/cli/view_handler.go:124.2,124.38 1 0
ddsheetfinal/internal/presentation/cli/view_handler.go:124.38,128.3 3 0
ddsheetfinal/internal/presentation/cli/view_handler.go:131.65,132.23 1 0
ddsheetfinal/internal/presentation/cli/view_handler.go:132.23,134.3 1 0
ddsheetfinal/internal/presentation/cli/view_handler.go:135.2,135.24 1 0
ddsheetfinal/internal/presentation/cli/view_handler.go:135.24,137.3 1 0
ddsheetfinal/internal/presentation/cli/view_handler.go:138.2,138.22 1 0
ddsheetfinal/internal/presentation/cli/view_handler.go:138.22,140.3 1 0
ddsheetfinal/internal/presentation/cli/view_handler.go:141.2,141.23 1 0
ddsheetfinal/internal/presentation/cli/view_handler.go:141.23,143.3 1 0
ddsheetfinal/internal/infrastructure/persistence/csv_srd_repository.go:25.93,30.2 1 16
ddsheetfinal/internal/infrastructure/persistence/csv_srd_repository.go:33.64,37.16 3 11
ddsheetfinal/internal/infrastructure/persistence/csv_srd_repository.go:37.16,39.3 1 1
ddsheetfinal/internal/infrastructure/persistence/csv_srd_repository.go:40.2,44.16 4 10
ddsheetfinal/internal/infrastructure/persistence/csv_srd_repository.go:44.16,46.3 1 0
ddsheetfinal/internal/infrastructure/persistence/csv_srd_repository.go:48.2,48.30 1 10
ddsheetfinal/internal/infrastructure/persistence/csv_srd_repository.go:48.30,49.20 1 1954
ddsheetfinal/internal/infrastructure/persistence/csv_srd_repository.go:49.20,50.12 1 0
ddsheetfinal/internal/infrastructure/persistence/csv_srd_repository.go:52.3,53.18 2 1954
ddsheetfinal/internal/infrastructure/persistence/csv_srd_repository.go:53.18,55.4 1 6
ddsheetfinal/internal/infrastructure/persistence/csv_srd_repository.go:58.2,58.14 1 4
ddsheetfinal/internal/infrastructure/persistence/csv_srd_repository.go:62.72,67.16 4 11
ddsheetfinal/internal/infrastructure/persistence/csv_srd_repository.go:67.16,69.3 1 1
ddsheetfinal/internal/infrastructure/persistence/csv_srd_repository.go:70.2,74.16 4 10
ddsheetfinal/internal/infrastructure/persistence/csv_srd_repository.go:74.16,76.3 1 0
ddsheetfinal/internal/infrastructure/persistence/csv_srd_repository.go:78.2,78.30 1 10
ddsheetfinal/internal/infrastructure/persistence/csv_srd_repository.go:78.30,79.20 1 1177
ddsheetfinal/internal/infrastructure/persistence/csv_srd_repository.go:79.20,80.12 1 0
ddsheetfinal/internal/infrastructure/persistence/csv_srd_repository.go:82.3,84.18 2 1177
ddsheetfinal/internal/infrastructure/persistence/csv_srd_repository.go:84.18,86.4 1 5
ddsheetfinal/internal/infrastructure/persistence/csv_srd_repository.go:88.3,88.35 1 1172
ddsheetfinal/internal/infrastructure/persistence/csv_srd_repository.go:88.35,90.4 1 1
ddsheetfinal/internal/infrastructure/persistence/csv_srd_repository.go:93.2,93.14 1 4
ddsheetfinal/internal/infrastructure/persistence/csv_srd_repository.go:97.87,102.16 4 10
ddsheetfinal/internal/infrastructure/persistence/csv_srd_repository.go:102.16,104.3 1 1
ddsheetfinal/internal/infrastructure/persistence/csv_srd_repository.go:105.2,109.16 4 9
ddsheetfinal/internal/infrastructure/persistence/csv_srd_repository.go:109.16,111.3 1 0
ddsheetfinal/internal/infrastructure/persistence/csv_srd_repository.go:115.2,115.30 1 9
ddsheetfinal/internal/infrastructure/persistence/csv_srd_repository.go:115.30,116.29 1 1395
ddsheetfinal/internal/infrastructure/persistence/csv_srd_repository.go:116.29,117.12 1 9
ddsheetfinal/internal/infrastructure/persistence/csv_srd_repository.go:119.3,120.18 2 1386
ddsheetfinal/internal/infrastructure/persistence/csv_srd_repository.go:120.18,124.4 2 8
ddsheetfinal/internal/infrastructure/persistence/csv_srd_repository.go:127.2,127.19 1 1
ddsheetfinal/internal/infrastructure/persistence/csv_srd_repository.go:131.105,134.32 3 4
ddsheetfinal/internal/infrastructure/persistence/csv_srd_repository.go:134.32,136.3 1 2
ddsheetfinal/internal/infrastructure/persistence/csv_srd_repository.go:138.2,139.16 2 4
ddsheetfinal/internal/infrastructure/persistence/csv_srd_repository.go:139.16,141.3 1 1
ddsheetfinal/internal/infrastructure/persistence/csv_srd_repository.go:142.2,146.16 4 3
ddsheetfinal/internal/infrastructure/persistence/csv_srd_repository.go:146.16,148.3 1 0
ddsheetfinal/internal/infrastructure/persistence/csv_srd_repository.go:151.2,152.30 2 3
ddsheetfinal/internal/infrastructure/persistence/csv_srd_repository.go:152.30,153.29 1 960
ddsheetfinal/internal/infrastructure/persistence/csv_srd_repository.go:153.29,154.12 1 3
ddsheetfinal/internal/infrastructure/persistence/csv_srd_repository.go:156.3,160.20 3 957
ddsheetfinal/internal/infrastructure/persistence/csv_srd_repository.go:160.20,161.12 1 2
ddsheetfinal/internal/infrastructure/persistence/csv_srd_repository.go:165.3,166.46 2 955
ddsheetfinal/internal/infrastructure/persistence/csv_srd_repository.go:166.46,168.4 1 511
ddsheetfinal/internal/infrastructure/persistence/csv_srd_repository.go:171.2,171.23 1 3
ddsheetfinal/internal/infrastructure/persistence/csv_srd_repository.go:175.54,180.2 4 6397
ddsheetfinal/internal/infrastructure/persistence/csv_srd_repository.go:183.65,188.41 3 15
ddsheetfinal/internal/infrastructure/persistence/csv_srd_repository.go:188.41,190.3 1 1
ddsheetfinal/internal/infrastructure/persistence/csv_srd_repository.go:190.8,193.3 2 14
ddsheetfinal/internal/infrastructure/persistence/csv_srd_repository.go:196.2,196.13 1 15
ddsheetfinal/internal/infrastructure/persistence/csv_srd_repository.go:197.17,198.37 1 2
ddsheetfinal/internal/infrastructure/persistence/csv_srd_repository.go:199.25,200.45 1 1
ddsheetfinal/internal/infrastructure/persistence/csv_srd_repository.go:201.20,202.40 1 0
ddsheetfinal/internal/infrastructure/persistence/csv_srd_repository.go:203.20,204.40 1 2
ddsheetfinal/internal/infrastructure/persistence/csv_srd_repository.go:205.19,206.39 1 0
ddsheetfinal/internal/infrastructure/persistence/csv_srd_repository.go:207.16,208.36 1 0
ddsheetfinal/internal/infrastructure/persistence/csv_srd_repository.go:209.15,210.35 1 1
ddsheetfinal/internal/infrastructure/persistence/csv_srd_repository.go:211.20,212.40 1 0
ddsheetfinal/internal/infrastructure/persistence/csv_srd_repository.go:216.2,218.24 3 15
ddsheetfinal/internal/infrastructure/persistence/csv_srd_repository.go:218.24,220.27 2 50
ddsheetfinal/internal/infrastructure/persistence/csv_srd_repository.go:220.27,221.12 1 20
ddsheetfinal/internal/infrastructure/persistence/csv_srd_repository.go:223.3,224.25 2 30
ddsheetfinal/internal/infrastructure/persistence/csv_srd_repository.go:226.2,226.13 1 15
ddsheetfinal/internal/infrastructure/persistence/csv_srd_repository.go:231.73,235.16 3 7
ddsheetfinal/internal/infrastructure/persistence/csv_srd_repository.go:235.16,237.3 1 1
ddsheetfinal/internal/infrastructure/persistence/csv_srd_repository.go:238.2,242.16 4 6
ddsheetfinal/internal/infrastructure/persistence/csv_srd_repository.go:242.16,244.3 1 0
ddsheetfinal/internal/infrastructure/persistence/csv_srd_repository.go:246.2,246.30 1 6
ddsheetfinal/internal/infrastructure/persistence/csv_srd_repository.go:246.30,247.19 1 874
ddsheetfinal/internal/infrastructure/persistence/csv_srd_repository.go:247.19,248.12 1 0
ddsheetfinal/internal/infrastructure/persistence/csv_srd_repository.go:250.3,251.18 2 874
ddsheetfinal/internal/infrastructure/persistence/csv_srd_repository.go:251.18,256.4 3 5
ddsheetfinal/internal/infrastructure/persistence/csv_srd_repository.go:259.2,259.57 1 1
ddsheetfinal/internal/infrastructure/persistence/json_character_repository.go:20.82,27.2 2 6
ddsheetfinal/internal/infrastructure/persistence/json_character_repository.go:30.77,32.16 2 8
ddsheetfinal/internal/infrastructure/persistence/json_character_repository.go:32.16,34.3 1 0
ddsheetfinal/internal/infrastructure/persistence/json_character_repository.go:36.2,37.60 2 8
ddsheetfinal/internal/infrastructure/persistence/json_character_repository.go:37.60,39.3 1 0
ddsheetfinal/internal/infrastructure/persistence/json_character_repository.go:41.2,41.12 1 8
ddsheetfinal/internal/infrastructure/persistence/json_character_repository.go:45.88,48.16 3 3
ddsheetfinal/internal/infrastructure/persistence/json_character_repository.go:48.16,49.25 1 1
ddsheetfinal/internal/infrastructure/persistence/json_character_repository.go:49.25,51.4 1 1
ddsheetfinal/internal/infrastructure/persistence/json_character_repository.go:52.3,52.67 1 0
ddsheetfinal/internal/infrastructure/persistence/json_character_repository.go:55.2,56.57 2 2
ddsheetfinal/internal/infrastructure/persistence/json_character_repository.go:56.57,58.3 1 0
ddsheetfinal/internal/infrastructure/persistence/json_character_repository.go:60.2,60.24 1 2
ddsheetfinal/internal/infrastructure/persistence/json_character_repository.go:64.61,66.44 2 1
ddsheetfinal/internal/infrastructure/persistence/json_character_repository.go:66.44,68.3 1 0
ddsheetfinal/internal/infrastructure/persistence/json_character_repository.go:69.2,69.12 1 1
ddsheetfinal/internal/infrastructure/persistence/json_character_repository.go:73.60,75.16 2 1
ddsheetfinal/internal/infrastructure/persistence/json_character_repository.go:75.16,77.3 1 0
ddsheetfinal/internal/infrastructure/persistence/json_character_repository.go:79.2,80.29 2 1
ddsheetfinal/internal/infrastructure/persistence/json_character_repository.go:80.29,81.63 1 3
ddsheetfinal/internal/infrastructure/persistence/json_character_repository.go:81.63,84.4 2 3
ddsheetfinal/internal/infrastructure/persistence/json_character_repository.go:87.2,87.19 1 1
ddsheetfinal/internal/infrastructure/persistence/json_character_repository.go:91.60,95.2 3 4
ddsheetfinal/internal/infrastructure/persistence/json_character_repository.go:97.67,99.2 1 16
